job 16657319 is starting on gpub002.delta.ncsa.illinois.edu



memcheck tests:
========= COMPUTE-SANITIZER
Solution is correct
========= ERROR SUMMARY: 0 errors
========= COMPUTE-SANITIZER
Solution is correct
========= ERROR SUMMARY: 0 errors
========= COMPUTE-SANITIZER
Solution is correct
========= ERROR SUMMARY: 0 errors
========= COMPUTE-SANITIZER
Solution is correct
========= ERROR SUMMARY: 0 errors
========= COMPUTE-SANITIZER
Solution is correct
========= ERROR SUMMARY: 0 errors
========= COMPUTE-SANITIZER
Solution is correct
========= ERROR SUMMARY: 0 errors
========= COMPUTE-SANITIZER
Solution is correct
========= ERROR SUMMARY: 0 errors
========= COMPUTE-SANITIZER
Solution is correct
========= ERROR SUMMARY: 0 errors
========= COMPUTE-SANITIZER
Solution is correct
========= ERROR SUMMARY: 0 errors
========= COMPUTE-SANITIZER
Solution is correct
========= ERROR SUMMARY: 0 errors

initcheck tests:
========= COMPUTE-SANITIZER
Solution is correct
========= ERROR SUMMARY: 0 errors
========= COMPUTE-SANITIZER
Solution is correct
========= ERROR SUMMARY: 0 errors
========= COMPUTE-SANITIZER
Solution is correct
========= ERROR SUMMARY: 0 errors
========= COMPUTE-SANITIZER
Solution is correct
========= ERROR SUMMARY: 0 errors
========= COMPUTE-SANITIZER
Solution is correct
========= ERROR SUMMARY: 0 errors
========= COMPUTE-SANITIZER
Solution is correct
========= ERROR SUMMARY: 0 errors
========= COMPUTE-SANITIZER
Solution is correct
========= ERROR SUMMARY: 0 errors
========= COMPUTE-SANITIZER
Solution is correct
========= ERROR SUMMARY: 0 errors
========= COMPUTE-SANITIZER
Solution is correct
========= ERROR SUMMARY: 0 errors
========= COMPUTE-SANITIZER
Solution is correct
========= ERROR SUMMARY: 0 errors

synccheck tests:
========= COMPUTE-SANITIZER
Solution is correct
========= ERROR SUMMARY: 0 errors
========= COMPUTE-SANITIZER
Solution is correct
========= ERROR SUMMARY: 0 errors
========= COMPUTE-SANITIZER
Solution is correct
========= ERROR SUMMARY: 0 errors
========= COMPUTE-SANITIZER
Solution is correct
========= ERROR SUMMARY: 0 errors
========= COMPUTE-SANITIZER
Solution is correct
========= ERROR SUMMARY: 0 errors
========= COMPUTE-SANITIZER
Solution is correct
========= ERROR SUMMARY: 0 errors
========= COMPUTE-SANITIZER
Solution is correct
========= ERROR SUMMARY: 0 errors
========= COMPUTE-SANITIZER
Solution is correct
========= ERROR SUMMARY: 0 errors
========= COMPUTE-SANITIZER
Solution is correct
========= ERROR SUMMARY: 0 errors
========= COMPUTE-SANITIZER
Solution is correct
========= ERROR SUMMARY: 0 errors

all tests completed.
